[jimmyganteng.com/index.html]
[jimmyganteng.com/assets/apple-touch-icon.png]
[jimmyganteng.com/assets/favicon.ico]
[jimmyganteng.com/assets/site.webmanifest]
[backblue.gif]
[fade.gif]
[index.html]
[jimmyganteng.com/main.3f6952e4.css]
[jimmyganteng.com/works.html]
[jimmyganteng.com/about.html]
[jimmyganteng.com/assets/images/background.jpg]
[jimmyganteng.com/index.html]
[jimmyganteng.com/main.70a66962.js]
[jimmyganteng.com/main.3f6952e4.css]
[maxcdn.bootstrapcdn.com/font-awesome/4.7.0/css/font-awesome.min.css]
[jimmyganteng.com/assets/images/background.jpg.jpg]
[jimmyganteng.com/assets/images/1.jpg]
[jimmyganteng.com/assets/images/2.jpg]
[jimmyganteng.com/assets/images/3.jpg]
[jimmyganteng.com/assets/images/4.png]
[jimmyganteng.com/assets/images/5.png]
[jimmyganteng.com/assets/images/6_.jpg]
[jimmyganteng.com/works.html]
[jimmyganteng.com/assets/images/background1.jpg.jpg]
[jimmyganteng.com/assets/images/profile.jpg]
[jimmyganteng.com/about.html]
[maxcdn.bootstrapcdn.com/font-awesome/4.7.0/css/font-awesome.min.css]
